******************************************************************************
                  TI ARM Linker PC v20.2.7                     
******************************************************************************
>> Linked Thu May  8 13:33:49 2025

OUTPUT FILE NAME:   <Lab01.out>
ENTRY POINT SYMBOL: "_c_int00_noargs"  address: 000028ed


MEMORY CONFIGURATION

         name            origin    length      used     unused   attr    fill
----------------------  --------  ---------  --------  --------  ----  --------
  FLASH                 00000000   00040000  00002bd5  0003d42b  R  X
  SRAM                  20000000   00008000  000022c9  00005d37  RW X


SEGMENT ALLOCATION MAP

run origin  load origin   length   init length attrs members
----------  ----------- ---------- ----------- ----- -------
00000000    00000000    00002bd8   00002bd8    r-x
  00000000    00000000    0000026c   0000026c    r-- .intvecs
  0000026c    0000026c    00002820   00002820    r-x .text
  00002a8c    00002a8c    00000109   00000109    r-- .const
  00002b98    00002b98    00000040   00000040    r-- .cinit
20000000    20000000    000022cd   00000000    rw-
  20000000    20000000    0000026c   00000000    rw- .vtable
  20000270    20000270    00001000   00000000    rw- .stack
  20001270    20001270    00001000   00000000    rw- .sysmem
  20002270    20002270    00000058   00000000    rw- .bss
  200022c8    200022c8    00000005   00000000    rw- .data


SECTION ALLOCATION MAP

 output                                  attributes/
section   page    origin      length       input sections
--------  ----  ----------  ----------   ----------------
.intvecs   0    00000000    0000026c     
                  00000000    0000026c     tm4c123gh6pm_startup_ccs.obj (.intvecs)

.text      0    0000026c    00002820     
                  0000026c    00000a4e     rtsv7M4_T_le_v4SPD16_eabi.lib : _printfi.c.obj (.text:__TI_printfi)
                  00000cba    00000002                                   : div0.asm.obj (.text)
                  00000cbc    00000328     lcd.obj (.text)
                  00000fe4    00000270     rtsv7M4_T_le_v4SPD16_eabi.lib : _printfi.c.obj (.text:_pconv_a)
                  00001254    00000248     Timer.obj (.text)
                  0000149c    000001d0     rtsv7M4_T_le_v4SPD16_eabi.lib : _printfi.c.obj (.text:_pconv_g)
                  0000166c    000001b6                                   : fd_add_t2.asm.obj (.text)
                  00001822    00000002     --HOLE-- [fill = 0]
                  00001824    000001a0     uart.obj (.text)
                  000019c4    0000013c     rtsv7M4_T_le_v4SPD16_eabi.lib : _printfi.c.obj (.text:_pconv_e)
                  00001b00    00000136                                   : fd_div_t2.asm.obj (.text)
                  00001c36    00000002     --HOLE-- [fill = 0]
                  00001c38    00000124                                   : _printfi.c.obj (.text:fcvt)
                  00001d5c    00000110                                   : s_scalbn.c.obj (.text:scalbn)
                  00001e6c    000000fc                                   : fd_mul_t2.asm.obj (.text)
                  00001f68    000000f8                                   : s_floor.c.obj (.text:floor)
                  00002060    000000c4                                   : s_round.c.obj (.text:round)
                  00002124    000000b1                                   : _printfi.c.obj (.text:_ltostr)
                  000021d5    00000001     --HOLE-- [fill = 0]
                  000021d6    0000009c                                   : memcpy_t2.asm.obj (.text)
                  00002272    00000002     --HOLE-- [fill = 0]
                  00002274    00000098     lab5_template.obj (.text)
                  0000230c    00000096     rtsv7M4_T_le_v4SPD16_eabi.lib : ull_div_t2.asm.obj (.text)
                  000023a2    00000086                                   : fd_cmp_t2.asm.obj (.text:__aeabi_cdcmple)
                  00002428    00000086                                   : fd_cmp_t2.asm.obj (.text:__aeabi_cdrcmple)
                  000024ae    0000007a                                   : memset_t2.asm.obj (.text)
                  00002528    0000006e                                   : _printfi.c.obj (.text:_mcpy)
                  00002596    00000068                                   : copy_decompress_lzss.c.obj (.text:decompress:lzss:__TI_decompress_lzss)
                  000025fe    00000002     --HOLE-- [fill = 0]
                  00002600    00000064                                   : s_frexp.c.obj (.text:frexp)
                  00002664    00000056                                   : _printfi.c.obj (.text:_pconv_f)
                  000026ba    00000054                                   : _ltoa.c.obj (.text:__TI_ltoa)
                  0000270e    00000052                                   : _printfi.c.obj (.text:_ecpy)
                  00002760    0000004c                                   : atoi.c.obj (.text:atoi)
                  000027ac    00000048                                   : fd_toi_t2.asm.obj (.text)
                  000027f4    00000044                                   : autoinit.c.obj (.text:__TI_auto_init_nobinit_nopinit:__TI_auto_init_nobinit_nopinit)
                  00002838    00000040                                   : vsnprintf.c.obj (.text:vsnprintf)
                  00002878    0000003e                                   : _printfi.c.obj (.text:_fcpy)
                  000028b6    00000002     --HOLE-- [fill = 0]
                  000028b8    00000034     driverlib.lib : interrupt.obj (.text:IntRegister)
                  000028ec    00000034     rtsv7M4_T_le_v4SPD16_eabi.lib : boot_cortex_m.c.obj (.text:_c_int00_noargs:_c_int00_noargs)
                  00002920    00000030                                   : vsnprintf.c.obj (.text:_outs)
                  00002950    0000002e                                   : i_tofd_t2.asm.obj (.text)
                  0000297e    0000001c                                   : copy_zero_init.c.obj (.text:decompress:ZI:__TI_zero_init_nomemset:__TI_zero_init_nomemset)
                  0000299a    0000001c                                   : memccpy.c.obj (.text:memccpy)
                  000029b6    0000001a                                   : s_copysign.c.obj (.text:copysign)
                  000029d0    00000018                                   : vsnprintf.c.obj (.text:_outc)
                  000029e8    00000018                                   : strcmp.c.obj (.text:strcmp)
                  00002a00    00000016                                   : strchr.c.obj (.text:strchr)
                  00002a16    00000014                                   : strcpy.c.obj (.text:strcpy)
                  00002a2a    00000014                                   : strlen.c.obj (.text:strlen)
                  00002a3e    00000012                                   : wcslen.c.obj (.text:wcslen)
                  00002a50    00000010     lcd.obj (.text:lcd_clear)
                  00002a60    0000000e     rtsv7M4_T_le_v4SPD16_eabi.lib : copy_decompress_none.c.obj (.text:decompress:none:__TI_decompress_none)
                  00002a6e    0000000c     tm4c123gh6pm_startup_ccs.obj (.text)
                  00002a7a    00000002     --HOLE-- [fill = 0]
                  00002a7c    00000008     rtsv7M4_T_le_v4SPD16_eabi.lib : errno.c.obj (.text:__aeabi_errno_addr)
                  00002a84    00000004                                   : pre_init.c.obj (.text:_system_pre_init)
                  00002a88    00000004                                   : exit.c.obj (.text:abort:abort)

.const     0    00002a8c    00000109     
                  00002a8c    00000101     rtsv7M4_T_le_v4SPD16_eabi.lib : ctype.c.obj (.const:.string:_ctypes_)
                  00002b8d    00000004     lcd.obj (.const:.string:lineAddress$1)
                  00002b91    00000004     lcd.obj (.const:.string:lineAddresses$2)

.cinit     0    00002b98    00000040     
                  00002b98    0000000c     (__TI_handler_table)
                  00002ba4    00000004     --HOLE-- [fill = 0]
                  00002ba8    00000008     (.cinit..bss.load) [load image, compression = zero_init]
                  00002bb0    00000008     (.cinit..vtable.load) [load image, compression = zero_init]
                  00002bb8    00000007     (.cinit..data.load) [load image, compression = lzss]
                  00002bbf    00000001     --HOLE-- [fill = 0]
                  00002bc0    00000018     (__TI_cinit_table)

.init_array 
*          0    00000000    00000000     UNINITIALIZED

.vtable    0    20000000    0000026c     UNINITIALIZED
                  20000000    0000026c     driverlib.lib : interrupt.obj (.vtable)

.stack     0    20000270    00001000     UNINITIALIZED
                  20000270    00000004     rtsv7M4_T_le_v4SPD16_eabi.lib : boot_cortex_m.c.obj (.stack)
                  20000274    00000ffc     --HOLE--

.sysmem    0    20001270    00001000     UNINITIALIZED
                  20001270    00000010     rtsv7M4_T_le_v4SPD16_eabi.lib : memory.c.obj (.sysmem)
                  20001280    00000ff0     --HOLE--

.bss       0    20002270    00000058     UNINITIALIZED
                  20002270    00000054     lcd.obj (.bss:lastbuffer$3)
                  200022c4    00000004     (.common:_timeout_ticks)

.data      0    200022c8    00000005     UNINITIALIZED
                  200022c8    00000004     rtsv7M4_T_le_v4SPD16_eabi.lib : errno.c.obj (.data)
                  200022cc    00000001     Timer.obj (.data)

__llvm_prf_cnts 
*          0    20000000    00000000     UNINITIALIZED

MODULE SUMMARY

       Module                         code    ro data   rw data
       ------                         ----    -------   -------
    .\
       lcd.obj                        824     8         84     
       tm4c123gh6pm_startup_ccs.obj   12      620       0      
       Timer.obj                      584     0         5      
       uart.obj                       416     0         0      
       lab5_template.obj              152     0         0      
    +--+------------------------------+-------+---------+---------+
       Total:                         1988    628       89     
                                                               
    C:/ti/TivaWare_C_Series-2.2.0.295/driverlib/ccs/Debug/driverlib.lib
       interrupt.obj                  52      0         620    
    +--+------------------------------+-------+---------+---------+
       Total:                         52      0         620    
                                                               
    C:\ti\ccs1271\ccs\tools\compiler\ti-cgt-arm_20.2.7.LTS\lib\rtsv7M4_T_le_v4SPD16_eabi.lib
       _printfi.c.obj                 4851    0         0      
       fd_add_t2.asm.obj              438     0         0      
       fd_div_t2.asm.obj              310     0         0      
       s_scalbn.c.obj                 272     0         0      
       fd_cmp_t2.asm.obj              268     0         0      
       ctype.c.obj                    0       257       0      
       fd_mul_t2.asm.obj              252     0         0      
       s_floor.c.obj                  248     0         0      
       s_round.c.obj                  196     0         0      
       memcpy_t2.asm.obj              156     0         0      
       ull_div_t2.asm.obj             150     0         0      
       vsnprintf.c.obj                136     0         0      
       memset_t2.asm.obj              122     0         0      
       copy_decompress_lzss.c.obj     104     0         0      
       s_frexp.c.obj                  100     0         0      
       _ltoa.c.obj                    84      0         0      
       atoi.c.obj                     76      0         0      
       fd_toi_t2.asm.obj              72      0         0      
       autoinit.c.obj                 68      0         0      
       boot_cortex_m.c.obj            52      0         0      
       i_tofd_t2.asm.obj              46      0         0      
       copy_zero_init.c.obj           28      0         0      
       memccpy.c.obj                  28      0         0      
       s_copysign.c.obj               26      0         0      
       strcmp.c.obj                   24      0         0      
       strchr.c.obj                   22      0         0      
       strcpy.c.obj                   20      0         0      
       strlen.c.obj                   20      0         0      
       wcslen.c.obj                   18      0         0      
       copy_decompress_none.c.obj     14      0         0      
       errno.c.obj                    8       0         4      
       exit.c.obj                     4       0         0      
       pre_init.c.obj                 4       0         0      
       div0.asm.obj                   2       0         0      
    +--+------------------------------+-------+---------+---------+
       Total:                         8219    257       4      
                                                               
       Heap:                          0       0         4096   
       Stack:                         0       0         4096   
       Linker Generated:              0       59        0      
    +--+------------------------------+-------+---------+---------+
       Grand Total:                   10259   944       8905   


LINKER GENERATED COPY TABLES

__TI_cinit_table @ 00002bc0 records: 3, size/record: 8, table size: 24
	.bss: load addr=00002ba8, load size=00000008 bytes, run addr=20002270, run size=00000058 bytes, compression=zero_init
	.vtable: load addr=00002bb0, load size=00000008 bytes, run addr=20000000, run size=0000026c bytes, compression=zero_init
	.data: load addr=00002bb8, load size=00000007 bytes, run addr=200022c8, run size=00000005 bytes, compression=lzss


LINKER GENERATED HANDLER TABLE

__TI_handler_table @ 00002b98 records: 3, size/record: 4, table size: 12
	index: 0, handler: __TI_zero_init
	index: 1, handler: __TI_decompress_lzss
	index: 2, handler: __TI_decompress_none


GLOBAL SYMBOLS: SORTED ALPHABETICALLY BY Name 

address   name                          
-------   ----                          
00002a89  C$$EXIT                       
000028b9  IntRegister                   
00002a6f  ResetISR                      
20001270  __STACK_END                   
00001000  __STACK_SIZE                  
20000470  __STACK_TOP                   
00001000  __SYSMEM_SIZE                 
00002bc0  __TI_CINIT_Base               
00002bd8  __TI_CINIT_Limit              
00002b98  __TI_Handler_Table_Base       
00002ba4  __TI_Handler_Table_Limit      
000027f5  __TI_auto_init_nobinit_nopinit
00002597  __TI_decompress_lzss          
00002a61  __TI_decompress_none          
000026bb  __TI_ltoa                     
ffffffff  __TI_pprof_out_hndl           
0000026d  __TI_printfi                  
ffffffff  __TI_prof_data_size           
ffffffff  __TI_prof_data_start          
00000000  __TI_static_base__            
0000297f  __TI_zero_init_nomemset       
000023a3  __aeabi_cdcmpeq               
000023a3  __aeabi_cdcmple               
00002429  __aeabi_cdrcmple              
000027ad  __aeabi_d2iz                  
00001677  __aeabi_dadd                  
00001b01  __aeabi_ddiv                  
00001e6d  __aeabi_dmul                  
0000166d  __aeabi_dsub                  
00002a7d  __aeabi_errno_addr            
00002951  __aeabi_i2d                   
00000cbb  __aeabi_idiv0                 
00000cbb  __aeabi_ldiv0                 
000024af  __aeabi_memclr                
000024af  __aeabi_memclr4               
000024af  __aeabi_memclr8               
000021d7  __aeabi_memcpy                
000021d7  __aeabi_memcpy4               
000021d7  __aeabi_memcpy8               
000024b1  __aeabi_memset                
000024b1  __aeabi_memset4               
000024b1  __aeabi_memset8               
0000230d  __aeabi_uldivmod              
ffffffff  __binit__                     
ffffffff  __c_args__                    
UNDEFED   __mpu_init                    
20000270  __stack                       
20000000  __start___llvm_prf_cnts       
20000000  __stop___llvm_prf_cnts        
000028ed  _c_int00_noargs               
00002a8c  _ctypes_                      
200022cc  _running                      
20001270  _sys_memory                   
UNDEFED   _system_post_cinit            
00002a85  _system_pre_init              
200022c4  _timeout_ticks                
00002a89  abort                         
00002761  atoi                          
ffffffff  binit                         
000029b7  copysign                      
000029b7  copysignl                     
200022c8  errno                         
00001f69  floor                         
00001f69  floorl                        
00002601  frexp                         
00002601  frexpl                        
20000000  g_pfnRAMVectors               
00000000  g_pfnVectors                  
00002a51  lcd_clear                     
00000e91  lcd_gotoLine                  
00000cf9  lcd_init                      
00000ef7  lcd_printf                    
00000db9  lcd_putc                      
00000df1  lcd_puts                      
00000cbd  lcd_reverseNibble             
00000e0f  lcd_sendCommand               
00000e4d  lcd_sendNibble                
00000eb9  lcd_setCursorPos              
00001d5d  ldexp                         
00001d5d  ldexpl                        
00002275  main                          
0000299b  memccpy                       
000021d7  memcpy                        
000024b7  memset                        
00002061  round                         
00002061  roundl                        
00001d5d  scalbn                        
00001d5d  scalbnl                       
00002a01  strchr                        
000029e9  strcmp                        
00002a17  strcpy                        
00002a2b  strlen                        
00001373  timer_getMicros               
0000131b  timer_getMillis               
00001255  timer_init                    
000012f7  timer_pause                   
00001309  timer_resume                  
000012cd  timer_stop                    
000013cd  timer_waitMicros              
000013ff  timer_waitMillis              
00001825  uart_init                     
00001901  uart_receive                  
000018e5  uart_sendChar                 
0000194f  uart_sendStr                  
00002839  vsnprintf                     
00002a3f  wcslen                        


GLOBAL SYMBOLS: SORTED BY Symbol Address 

address   name                          
-------   ----                          
00000000  __TI_static_base__            
00000000  g_pfnVectors                  
0000026d  __TI_printfi                  
00000cbb  __aeabi_idiv0                 
00000cbb  __aeabi_ldiv0                 
00000cbd  lcd_reverseNibble             
00000cf9  lcd_init                      
00000db9  lcd_putc                      
00000df1  lcd_puts                      
00000e0f  lcd_sendCommand               
00000e4d  lcd_sendNibble                
00000e91  lcd_gotoLine                  
00000eb9  lcd_setCursorPos              
00000ef7  lcd_printf                    
00001000  __STACK_SIZE                  
00001000  __SYSMEM_SIZE                 
00001255  timer_init                    
000012cd  timer_stop                    
000012f7  timer_pause                   
00001309  timer_resume                  
0000131b  timer_getMillis               
00001373  timer_getMicros               
000013cd  timer_waitMicros              
000013ff  timer_waitMillis              
0000166d  __aeabi_dsub                  
00001677  __aeabi_dadd                  
00001825  uart_init                     
000018e5  uart_sendChar                 
00001901  uart_receive                  
0000194f  uart_sendStr                  
00001b01  __aeabi_ddiv                  
00001d5d  ldexp                         
00001d5d  ldexpl                        
00001d5d  scalbn                        
00001d5d  scalbnl                       
00001e6d  __aeabi_dmul                  
00001f69  floor                         
00001f69  floorl                        
00002061  round                         
00002061  roundl                        
000021d7  __aeabi_memcpy                
000021d7  __aeabi_memcpy4               
000021d7  __aeabi_memcpy8               
000021d7  memcpy                        
00002275  main                          
0000230d  __aeabi_uldivmod              
000023a3  __aeabi_cdcmpeq               
000023a3  __aeabi_cdcmple               
00002429  __aeabi_cdrcmple              
000024af  __aeabi_memclr                
000024af  __aeabi_memclr4               
000024af  __aeabi_memclr8               
000024b1  __aeabi_memset                
000024b1  __aeabi_memset4               
000024b1  __aeabi_memset8               
000024b7  memset                        
00002597  __TI_decompress_lzss          
00002601  frexp                         
00002601  frexpl                        
000026bb  __TI_ltoa                     
00002761  atoi                          
000027ad  __aeabi_d2iz                  
000027f5  __TI_auto_init_nobinit_nopinit
00002839  vsnprintf                     
000028b9  IntRegister                   
000028ed  _c_int00_noargs               
00002951  __aeabi_i2d                   
0000297f  __TI_zero_init_nomemset       
0000299b  memccpy                       
000029b7  copysign                      
000029b7  copysignl                     
000029e9  strcmp                        
00002a01  strchr                        
00002a17  strcpy                        
00002a2b  strlen                        
00002a3f  wcslen                        
00002a51  lcd_clear                     
00002a61  __TI_decompress_none          
00002a6f  ResetISR                      
00002a7d  __aeabi_errno_addr            
00002a85  _system_pre_init              
00002a89  C$$EXIT                       
00002a89  abort                         
00002a8c  _ctypes_                      
00002b98  __TI_Handler_Table_Base       
00002ba4  __TI_Handler_Table_Limit      
00002bc0  __TI_CINIT_Base               
00002bd8  __TI_CINIT_Limit              
20000000  __start___llvm_prf_cnts       
20000000  __stop___llvm_prf_cnts        
20000000  g_pfnRAMVectors               
20000270  __stack                       
20000470  __STACK_TOP                   
20001270  __STACK_END                   
20001270  _sys_memory                   
200022c4  _timeout_ticks                
200022c8  errno                         
200022cc  _running                      
ffffffff  __TI_pprof_out_hndl           
ffffffff  __TI_prof_data_size           
ffffffff  __TI_prof_data_start          
ffffffff  __binit__                     
ffffffff  __c_args__                    
ffffffff  binit                         
UNDEFED   __mpu_init                    
UNDEFED   _system_post_cinit            

[106 symbols]
